Using launch settings from Src/Web/Properties/launchSettings.json...
Building...
warn: Microsoft.AspNetCore.DataProtection.KeyManagement.XmlKeyManager[35]
      No XML encryptor configured. Key {703a439b-9796-443d-82ea-05910c0e008a} may be persisted to storage in unencrypted form.
info: Microsoft.Hosting.Lifetime[14]
      Now listening on: http://localhost:5083
info: Microsoft.Hosting.Lifetime[0]
      Application started. Press Ctrl+C to shut down.
info: Microsoft.Hosting.Lifetime[0]
      Hosting environment: Development
info: Microsoft.Hosting.Lifetime[0]
      Content root path: /app/Src/Web
warn: Microsoft.AspNetCore.HttpsPolicy.HttpsRedirectionMiddleware[3]
      Failed to determine the https port for redirect.
info: System.Net.Http.HttpClient.IslandSurvivorApi.LogicalHandler[100]
      Start processing HTTP request GET http://localhost:5271/api/player/leaderboard
info: System.Net.Http.HttpClient.IslandSurvivorApi.ClientHandler[100]
      Sending HTTP request GET http://localhost:5271/api/player/leaderboard
Error fetching leaderboard: Connection refused (localhost:5271)
info: System.Net.Http.HttpClient.IslandSurvivorApi.LogicalHandler[100]
      Start processing HTTP request GET http://localhost:5271/api/player/leaderboard
info: System.Net.Http.HttpClient.IslandSurvivorApi.ClientHandler[100]
      Sending HTTP request GET http://localhost:5271/api/player/leaderboard
Error fetching leaderboard: Connection refused (localhost:5271)
info: System.Net.Http.HttpClient.IslandSurvivorApi.LogicalHandler[100]
      Start processing HTTP request GET http://localhost:5271/api/player/leaderboard
info: System.Net.Http.HttpClient.IslandSurvivorApi.ClientHandler[100]
      Sending HTTP request GET http://localhost:5271/api/player/leaderboard
Error fetching leaderboard: Connection refused (localhost:5271)
info: System.Net.Http.HttpClient.IslandSurvivorApi.LogicalHandler[100]
      Start processing HTTP request GET http://localhost:5271/api/player/leaderboard
info: System.Net.Http.HttpClient.IslandSurvivorApi.ClientHandler[100]
      Sending HTTP request GET http://localhost:5271/api/player/leaderboard
Error fetching leaderboard: Connection refused (localhost:5271)
info: System.Net.Http.HttpClient.IslandSurvivorApi.LogicalHandler[100]
      Start processing HTTP request GET http://localhost:5271/api/player/leaderboard
info: System.Net.Http.HttpClient.IslandSurvivorApi.ClientHandler[100]
      Sending HTTP request GET http://localhost:5271/api/player/leaderboard
Error fetching leaderboard: Connection refused (localhost:5271)
info: System.Net.Http.HttpClient.IslandSurvivorApi.LogicalHandler[100]
      Start processing HTTP request GET http://localhost:5271/api/player/leaderboard
info: System.Net.Http.HttpClient.IslandSurvivorApi.ClientHandler[100]
      Sending HTTP request GET http://localhost:5271/api/player/leaderboard
Error fetching leaderboard: Connection refused (localhost:5271)
info: System.Net.Http.HttpClient.IslandSurvivorApi.LogicalHandler[100]
      Start processing HTTP request GET http://localhost:5271/api/player/leaderboard
info: System.Net.Http.HttpClient.IslandSurvivorApi.ClientHandler[100]
      Sending HTTP request GET http://localhost:5271/api/player/leaderboard
Error fetching leaderboard: Connection refused (localhost:5271)
info: System.Net.Http.HttpClient.IslandSurvivorApi.LogicalHandler[100]
      Start processing HTTP request GET http://localhost:5271/api/player/leaderboard
info: System.Net.Http.HttpClient.IslandSurvivorApi.ClientHandler[100]
      Sending HTTP request GET http://localhost:5271/api/player/leaderboard
Error fetching leaderboard: Connection refused (localhost:5271)
